---
apiVersion: metal3.io/v1alpha1
kind: BareMetalHost
metadata:
  annotations:
    airshipit.org/clustertype: ephemeral
  name: master-0
spec:
  bmc:
    address: ipmi://192.168.111.1:6230
    credentialsName: master-0-bmc-secret
  bootMACAddress: 00:3b:8b:0c:ec:8b
  online: true
...
---
apiVersion: v1
data:
  password: cGFzc3dvcmQ=
  username: YWRtaW4=
kind: Secret
metadata:
  annotations:
    airshipit.org/clustertype: ephemeral
  name: master-0-bmc-secret
type: Opaque
...
---
apiVersion: metal3.io/v1alpha1
kind: BareMetalHost
metadata:
  annotations:
    airshipit.org/clustertype: target
  name: master-1
spec:
  bmc:
    address: ipmi://192.168.111.2:6230
    credentialsName: master-1-bmc-secret
  bootMACAddress: 01:3b:8b:0c:ec:8b
  online: true
...
---
apiVersion: v1
data:
  password: cGFzc3dvcmQ=
  username: YWRtaW4=
kind: Secret
metadata:
  annotations:
    airshipit.org/clustertype: target
  name: master-1-bmc-secret
type: Opaque
...
---
apiVersion: extensions/v1beta1
kind: Deployment
metadata:
  annotations:
    airshipit.org/clustertype: ephemeral
  creationTimestamp: null
  labels:
    app: helm
    name: tiller
  name: tiller-deploy
  namespace: kube-system
spec:
  replicas: 1
  strategy: {}
  template:
    metadata:
      creationTimestamp: null
      labels:
        app: helm
        name: tiller
    spec:
      automountServiceAccountToken: true
      containers:
      - env:
        - name: TILLER_NAMESPACE
          value: kube-system
        - name: TILLER_HISTORY_MAX
          value: "0"
        image: gcr.io/kubernetes-helm/tiller:v2.12.3
        imagePullPolicy: IfNotPresent
        livenessProbe:
          httpGet:
            path: /liveness
            port: 44135
          initialDelaySeconds: 1
          timeoutSeconds: 1
        name: tiller
        ports:
        - containerPort: 44134
          name: tiller
        - containerPort: 44135
          name: http
        readinessProbe:
          httpGet:
            path: /readiness
            port: 44135
          initialDelaySeconds: 1
          timeoutSeconds: 1
        resources: {}
status: {}
...
---
apiVersion: v1
kind: Service
metadata:
  annotations:
    airshipit.org/clustertype: ephemeral
  creationTimestamp: null
  labels:
    app: helm
    name: tiller
  name: tiller-deploy
  namespace: kube-system
spec:
  ports:
  - name: tiller
    port: 44134
    targetPort: tiller
  selector:
    app: helm
    name: tiller
  type: ClusterIP
status:
  loadBalancer: {}
...
